<?xml version="1.0" encoding="ISO-8859-1" ?>
<link_info>
   <banner>MSP430 Linker PC v18.12.4.LTS</banner>
   <copyright>Copyright (c) 2003-2018 Texas Instruments Incorporated</copyright>
   <link_time>0x6256e14f</link_time>
   <link_errors>0x0</link_errors>
   <output_file>test.exe</output_file>
   <entry_point>
      <name>_c_int00</name>
      <address>0x522c</address>
   </entry_point>
   <input_file_list>
      <input_file id="fl-2">
         <path>obj\</path>
         <kind>object</kind>
         <file>math_module.obj</file>
         <name>math_module.obj</name>
      </input_file>
      <input_file id="fl-3">
         <path>obj\</path>
         <kind>object</kind>
         <file>test_math_module.obj</file>
         <name>test_math_module.obj</name>
      </input_file>
      <input_file id="fl-4">
         <path>obj\</path>
         <kind>object</kind>
         <file>unity.obj</file>
         <name>unity.obj</name>
      </input_file>
      <input_file id="fl-a">
         <kind>object</kind>
         <file>&lt;internal&gt;</file>
         <name>&lt;internal&gt;</name>
      </input_file>
      <input_file id="fl-b">
         <path>..\..\Source\Libs\</path>
         <kind>archive</kind>
         <file>bocas.lib</file>
         <name>boot_6.obj</name>
      </input_file>
      <input_file id="fl-21">
         <path>..\ti-cgt-msp430_18.12.4.LTS\lib\</path>
         <kind>archive</kind>
         <file>rts430_eabi.lib</file>
         <name>fputc.c.obj</name>
      </input_file>
      <input_file id="fl-22">
         <path>..\ti-cgt-msp430_18.12.4.LTS\lib\</path>
         <kind>archive</kind>
         <file>rts430_eabi.lib</file>
         <name>_io_perm.c.obj</name>
      </input_file>
      <input_file id="fl-23">
         <path>..\ti-cgt-msp430_18.12.4.LTS\lib\</path>
         <kind>archive</kind>
         <file>rts430_eabi.lib</file>
         <name>setvbuf.c.obj</name>
      </input_file>
      <input_file id="fl-24">
         <path>..\ti-cgt-msp430_18.12.4.LTS\lib\</path>
         <kind>archive</kind>
         <file>rts430_eabi.lib</file>
         <name>div16s.asm.obj</name>
      </input_file>
      <input_file id="fl-25">
         <path>..\ti-cgt-msp430_18.12.4.LTS\lib\</path>
         <kind>archive</kind>
         <file>rts430_eabi.lib</file>
         <name>div16u.asm.obj</name>
      </input_file>
      <input_file id="fl-26">
         <path>..\ti-cgt-msp430_18.12.4.LTS\lib\</path>
         <kind>archive</kind>
         <file>rts430_eabi.lib</file>
         <name>div32s.asm.obj</name>
      </input_file>
      <input_file id="fl-27">
         <path>..\ti-cgt-msp430_18.12.4.LTS\lib\</path>
         <kind>archive</kind>
         <file>rts430_eabi.lib</file>
         <name>div32u.asm.obj</name>
      </input_file>
      <input_file id="fl-28">
         <path>..\ti-cgt-msp430_18.12.4.LTS\lib\</path>
         <kind>archive</kind>
         <file>rts430_eabi.lib</file>
         <name>epilog.asm.obj</name>
      </input_file>
      <input_file id="fl-29">
         <path>..\ti-cgt-msp430_18.12.4.LTS\lib\</path>
         <kind>archive</kind>
         <file>rts430_eabi.lib</file>
         <name>fs_add.asm.obj</name>
      </input_file>
      <input_file id="fl-2a">
         <path>..\ti-cgt-msp430_18.12.4.LTS\lib\</path>
         <kind>archive</kind>
         <file>rts430_eabi.lib</file>
         <name>fs_cmp.asm.obj</name>
      </input_file>
      <input_file id="fl-2b">
         <path>..\ti-cgt-msp430_18.12.4.LTS\lib\</path>
         <kind>archive</kind>
         <file>rts430_eabi.lib</file>
         <name>fs_div.asm.obj</name>
      </input_file>
      <input_file id="fl-2c">
         <path>..\ti-cgt-msp430_18.12.4.LTS\lib\</path>
         <kind>archive</kind>
         <file>rts430_eabi.lib</file>
         <name>fs_ltof.asm.obj</name>
      </input_file>
      <input_file id="fl-2d">
         <path>..\ti-cgt-msp430_18.12.4.LTS\lib\</path>
         <kind>archive</kind>
         <file>rts430_eabi.lib</file>
         <name>fs_mpy.asm.obj</name>
      </input_file>
      <input_file id="fl-2e">
         <path>..\ti-cgt-msp430_18.12.4.LTS\lib\</path>
         <kind>archive</kind>
         <file>rts430_eabi.lib</file>
         <name>fs_neg.asm.obj</name>
      </input_file>
      <input_file id="fl-2f">
         <path>..\ti-cgt-msp430_18.12.4.LTS\lib\</path>
         <kind>archive</kind>
         <file>rts430_eabi.lib</file>
         <name>fs_tol.asm.obj</name>
      </input_file>
      <input_file id="fl-30">
         <path>..\ti-cgt-msp430_18.12.4.LTS\lib\</path>
         <kind>archive</kind>
         <file>rts430_eabi.lib</file>
         <name>int00.asm.obj</name>
      </input_file>
      <input_file id="fl-31">
         <path>..\ti-cgt-msp430_18.12.4.LTS\lib\</path>
         <kind>archive</kind>
         <file>rts430_eabi.lib</file>
         <name>int01.asm.obj</name>
      </input_file>
      <input_file id="fl-32">
         <path>..\ti-cgt-msp430_18.12.4.LTS\lib\</path>
         <kind>archive</kind>
         <file>rts430_eabi.lib</file>
         <name>int02.asm.obj</name>
      </input_file>
      <input_file id="fl-33">
         <path>..\ti-cgt-msp430_18.12.4.LTS\lib\</path>
         <kind>archive</kind>
         <file>rts430_eabi.lib</file>
         <name>int03.asm.obj</name>
      </input_file>
      <input_file id="fl-34">
         <path>..\ti-cgt-msp430_18.12.4.LTS\lib\</path>
         <kind>archive</kind>
         <file>rts430_eabi.lib</file>
         <name>int04.asm.obj</name>
      </input_file>
      <input_file id="fl-35">
         <path>..\ti-cgt-msp430_18.12.4.LTS\lib\</path>
         <kind>archive</kind>
         <file>rts430_eabi.lib</file>
         <name>int05.asm.obj</name>
      </input_file>
      <input_file id="fl-36">
         <path>..\ti-cgt-msp430_18.12.4.LTS\lib\</path>
         <kind>archive</kind>
         <file>rts430_eabi.lib</file>
         <name>int06.asm.obj</name>
      </input_file>
      <input_file id="fl-37">
         <path>..\ti-cgt-msp430_18.12.4.LTS\lib\</path>
         <kind>archive</kind>
         <file>rts430_eabi.lib</file>
         <name>int07.asm.obj</name>
      </input_file>
      <input_file id="fl-38">
         <path>..\ti-cgt-msp430_18.12.4.LTS\lib\</path>
         <kind>archive</kind>
         <file>rts430_eabi.lib</file>
         <name>int08.asm.obj</name>
      </input_file>
      <input_file id="fl-39">
         <path>..\ti-cgt-msp430_18.12.4.LTS\lib\</path>
         <kind>archive</kind>
         <file>rts430_eabi.lib</file>
         <name>int09.asm.obj</name>
      </input_file>
      <input_file id="fl-3a">
         <path>..\ti-cgt-msp430_18.12.4.LTS\lib\</path>
         <kind>archive</kind>
         <file>rts430_eabi.lib</file>
         <name>int10.asm.obj</name>
      </input_file>
      <input_file id="fl-3b">
         <path>..\ti-cgt-msp430_18.12.4.LTS\lib\</path>
         <kind>archive</kind>
         <file>rts430_eabi.lib</file>
         <name>int11.asm.obj</name>
      </input_file>
      <input_file id="fl-3c">
         <path>..\ti-cgt-msp430_18.12.4.LTS\lib\</path>
         <kind>archive</kind>
         <file>rts430_eabi.lib</file>
         <name>int12.asm.obj</name>
      </input_file>
      <input_file id="fl-3d">
         <path>..\ti-cgt-msp430_18.12.4.LTS\lib\</path>
         <kind>archive</kind>
         <file>rts430_eabi.lib</file>
         <name>int13.asm.obj</name>
      </input_file>
      <input_file id="fl-3e">
         <path>..\ti-cgt-msp430_18.12.4.LTS\lib\</path>
         <kind>archive</kind>
         <file>rts430_eabi.lib</file>
         <name>int14.asm.obj</name>
      </input_file>
      <input_file id="fl-3f">
         <path>..\ti-cgt-msp430_18.12.4.LTS\lib\</path>
         <kind>archive</kind>
         <file>rts430_eabi.lib</file>
         <name>isr_trap.asm.obj</name>
      </input_file>
      <input_file id="fl-40">
         <path>..\ti-cgt-msp430_18.12.4.LTS\lib\</path>
         <kind>archive</kind>
         <file>rts430_eabi.lib</file>
         <name>lsl32.asm.obj</name>
      </input_file>
      <input_file id="fl-41">
         <path>..\ti-cgt-msp430_18.12.4.LTS\lib\</path>
         <kind>archive</kind>
         <file>rts430_eabi.lib</file>
         <name>lsr16.asm.obj</name>
      </input_file>
      <input_file id="fl-42">
         <path>..\ti-cgt-msp430_18.12.4.LTS\lib\</path>
         <kind>archive</kind>
         <file>rts430_eabi.lib</file>
         <name>lsr32.asm.obj</name>
      </input_file>
      <input_file id="fl-43">
         <path>..\ti-cgt-msp430_18.12.4.LTS\lib\</path>
         <kind>archive</kind>
         <file>rts430_eabi.lib</file>
         <name>mult16_hw.asm.obj</name>
      </input_file>
      <input_file id="fl-44">
         <path>..\ti-cgt-msp430_18.12.4.LTS\lib\</path>
         <kind>archive</kind>
         <file>rts430_eabi.lib</file>
         <name>mult1632_hw.asm.obj</name>
      </input_file>
      <input_file id="fl-45">
         <path>..\ti-cgt-msp430_18.12.4.LTS\lib\</path>
         <kind>archive</kind>
         <file>rts430_eabi.lib</file>
         <name>mult32.asm.obj</name>
      </input_file>
      <input_file id="fl-46">
         <path>..\ti-cgt-msp430_18.12.4.LTS\lib\</path>
         <kind>archive</kind>
         <file>rts430_eabi.lib</file>
         <name>mult32_hw.asm.obj</name>
      </input_file>
      <input_file id="fl-47">
         <path>..\ti-cgt-msp430_18.12.4.LTS\lib\</path>
         <kind>archive</kind>
         <file>rts430_eabi.lib</file>
         <name>mult3264_hw.asm.obj</name>
      </input_file>
      <input_file id="fl-48">
         <path>..\ti-cgt-msp430_18.12.4.LTS\lib\</path>
         <kind>archive</kind>
         <file>rts430_eabi.lib</file>
         <name>mult64_hw.asm.obj</name>
      </input_file>
      <input_file id="fl-49">
         <path>..\ti-cgt-msp430_18.12.4.LTS\lib\</path>
         <kind>archive</kind>
         <file>rts430_eabi.lib</file>
         <name>setjmp.asm.obj</name>
      </input_file>
      <input_file id="fl-4a">
         <path>..\ti-cgt-msp430_18.12.4.LTS\lib\</path>
         <kind>archive</kind>
         <file>rts430_eabi.lib</file>
         <name>autoinit.c.obj</name>
      </input_file>
      <input_file id="fl-4b">
         <path>..\ti-cgt-msp430_18.12.4.LTS\lib\</path>
         <kind>archive</kind>
         <file>rts430_eabi.lib</file>
         <name>copy_zero_init.c.obj</name>
      </input_file>
      <input_file id="fl-4c">
         <path>..\ti-cgt-msp430_18.12.4.LTS\lib\</path>
         <kind>archive</kind>
         <file>rts430_eabi.lib</file>
         <name>cpy_tbl.c.obj</name>
      </input_file>
      <input_file id="fl-4d">
         <path>..\ti-cgt-msp430_18.12.4.LTS\lib\</path>
         <kind>archive</kind>
         <file>rts430_eabi.lib</file>
         <name>mpu_init.c.obj</name>
      </input_file>
      <input_file id="fl-4e">
         <path>..\ti-cgt-msp430_18.12.4.LTS\lib\</path>
         <kind>archive</kind>
         <file>rts430_eabi.lib</file>
         <name>lsr64.c.obj</name>
      </input_file>
      <input_file id="fl-4f">
         <path>..\ti-cgt-msp430_18.12.4.LTS\lib\</path>
         <kind>archive</kind>
         <file>rts430_eabi.lib</file>
         <name>pre_init.c.obj</name>
      </input_file>
      <input_file id="fl-50">
         <path>..\ti-cgt-msp430_18.12.4.LTS\lib\</path>
         <kind>archive</kind>
         <file>rts430_eabi.lib</file>
         <name>startup.c.obj</name>
      </input_file>
      <input_file id="fl-51">
         <path>..\ti-cgt-msp430_18.12.4.LTS\lib\</path>
         <kind>archive</kind>
         <file>rts430_eabi.lib</file>
         <name>copy_decompress_none.c.obj</name>
      </input_file>
      <input_file id="fl-52">
         <path>..\ti-cgt-msp430_18.12.4.LTS\lib\</path>
         <kind>archive</kind>
         <file>rts430_eabi.lib</file>
         <name>copy_decompress_lzss.c.obj</name>
      </input_file>
      <input_file id="fl-53">
         <path>..\ti-cgt-msp430_18.12.4.LTS\lib\</path>
         <kind>archive</kind>
         <file>rts430_eabi.lib</file>
         <name>exit.c.obj</name>
      </input_file>
      <input_file id="fl-54">
         <path>..\ti-cgt-msp430_18.12.4.LTS\lib\</path>
         <kind>archive</kind>
         <file>rts430_eabi.lib</file>
         <name>_lock.c.obj</name>
      </input_file>
      <input_file id="fl-55">
         <path>..\ti-cgt-msp430_18.12.4.LTS\lib\</path>
         <kind>archive</kind>
         <file>rts430_eabi.lib</file>
         <name>args_main.c.obj</name>
      </input_file>
      <input_file id="fl-56">
         <path>..\ti-cgt-msp430_18.12.4.LTS\lib\</path>
         <kind>archive</kind>
         <file>rts430_eabi.lib</file>
         <name>defs.c.obj</name>
      </input_file>
      <input_file id="fl-57">
         <path>..\ti-cgt-msp430_18.12.4.LTS\lib\</path>
         <kind>archive</kind>
         <file>rts430_eabi.lib</file>
         <name>memcpy.c.obj</name>
      </input_file>
      <input_file id="fl-58">
         <path>..\ti-cgt-msp430_18.12.4.LTS\lib\</path>
         <kind>archive</kind>
         <file>rts430_eabi.lib</file>
         <name>memory.c.obj</name>
      </input_file>
      <input_file id="fl-59">
         <path>..\ti-cgt-msp430_18.12.4.LTS\lib\</path>
         <kind>archive</kind>
         <file>rts430_eabi.lib</file>
         <name>memset.c.obj</name>
      </input_file>
      <input_file id="fl-5a">
         <path>..\ti-cgt-msp430_18.12.4.LTS\lib\</path>
         <kind>archive</kind>
         <file>rts430_eabi.lib</file>
         <name>write.c.obj</name>
      </input_file>
      <input_file id="fl-5b">
         <path>..\ti-cgt-msp430_18.12.4.LTS\lib\</path>
         <kind>archive</kind>
         <file>rts430_eabi.lib</file>
         <name>host_device.c.obj</name>
      </input_file>
      <input_file id="fl-5c">
         <path>..\ti-cgt-msp430_18.12.4.LTS\lib\</path>
         <kind>archive</kind>
         <file>rts430_eabi.lib</file>
         <name>fflush.c.obj</name>
      </input_file>
      <input_file id="fl-5d">
         <path>..\ti-cgt-msp430_18.12.4.LTS\lib\</path>
         <kind>archive</kind>
         <file>rts430_eabi.lib</file>
         <name>fopen.c.obj</name>
      </input_file>
      <input_file id="fl-5e">
         <path>..\ti-cgt-msp430_18.12.4.LTS\lib\</path>
         <kind>archive</kind>
         <file>rts430_eabi.lib</file>
         <name>fseek.c.obj</name>
      </input_file>
      <input_file id="fl-5f">
         <path>..\ti-cgt-msp430_18.12.4.LTS\lib\</path>
         <kind>archive</kind>
         <file>rts430_eabi.lib</file>
         <name>asr16.asm.obj</name>
      </input_file>
      <input_file id="fl-60">
         <path>..\ti-cgt-msp430_18.12.4.LTS\lib\</path>
         <kind>archive</kind>
         <file>rts430_eabi.lib</file>
         <name>lsl16.asm.obj</name>
      </input_file>
      <input_file id="fl-61">
         <path>..\ti-cgt-msp430_18.12.4.LTS\lib\</path>
         <kind>archive</kind>
         <file>rts430_eabi.lib</file>
         <name>mult16.asm.obj</name>
      </input_file>
      <input_file id="fl-62">
         <path>..\ti-cgt-msp430_18.12.4.LTS\lib\</path>
         <kind>archive</kind>
         <file>rts430_eabi.lib</file>
         <name>hostclose.c.obj</name>
      </input_file>
      <input_file id="fl-63">
         <path>..\ti-cgt-msp430_18.12.4.LTS\lib\</path>
         <kind>archive</kind>
         <file>rts430_eabi.lib</file>
         <name>hostlseek.c.obj</name>
      </input_file>
      <input_file id="fl-64">
         <path>..\ti-cgt-msp430_18.12.4.LTS\lib\</path>
         <kind>archive</kind>
         <file>rts430_eabi.lib</file>
         <name>hostopen.c.obj</name>
      </input_file>
      <input_file id="fl-65">
         <path>..\ti-cgt-msp430_18.12.4.LTS\lib\</path>
         <kind>archive</kind>
         <file>rts430_eabi.lib</file>
         <name>hostread.c.obj</name>
      </input_file>
      <input_file id="fl-66">
         <path>..\ti-cgt-msp430_18.12.4.LTS\lib\</path>
         <kind>archive</kind>
         <file>rts430_eabi.lib</file>
         <name>hostrename.c.obj</name>
      </input_file>
      <input_file id="fl-67">
         <path>..\ti-cgt-msp430_18.12.4.LTS\lib\</path>
         <kind>archive</kind>
         <file>rts430_eabi.lib</file>
         <name>hostunlink.c.obj</name>
      </input_file>
      <input_file id="fl-68">
         <path>..\ti-cgt-msp430_18.12.4.LTS\lib\</path>
         <kind>archive</kind>
         <file>rts430_eabi.lib</file>
         <name>hostwrite.c.obj</name>
      </input_file>
      <input_file id="fl-69">
         <path>..\ti-cgt-msp430_18.12.4.LTS\lib\</path>
         <kind>archive</kind>
         <file>rts430_eabi.lib</file>
         <name>trgmsg.c.obj</name>
      </input_file>
      <input_file id="fl-6a">
         <path>..\ti-cgt-msp430_18.12.4.LTS\lib\</path>
         <kind>archive</kind>
         <file>rts430_eabi.lib</file>
         <name>open.c.obj</name>
      </input_file>
      <input_file id="fl-6b">
         <path>..\ti-cgt-msp430_18.12.4.LTS\lib\</path>
         <kind>archive</kind>
         <file>rts430_eabi.lib</file>
         <name>lseek.c.obj</name>
      </input_file>
      <input_file id="fl-6c">
         <path>..\ti-cgt-msp430_18.12.4.LTS\lib\</path>
         <kind>archive</kind>
         <file>rts430_eabi.lib</file>
         <name>fclose.c.obj</name>
      </input_file>
      <input_file id="fl-6d">
         <path>..\ti-cgt-msp430_18.12.4.LTS\lib\</path>
         <kind>archive</kind>
         <file>rts430_eabi.lib</file>
         <name>getdevice.c.obj</name>
      </input_file>
      <input_file id="fl-6e">
         <path>..\ti-cgt-msp430_18.12.4.LTS\lib\</path>
         <kind>archive</kind>
         <file>rts430_eabi.lib</file>
         <name>strchr.c.obj</name>
      </input_file>
      <input_file id="fl-6f">
         <path>..\ti-cgt-msp430_18.12.4.LTS\lib\</path>
         <kind>archive</kind>
         <file>rts430_eabi.lib</file>
         <name>strcmp.c.obj</name>
      </input_file>
      <input_file id="fl-70">
         <path>..\ti-cgt-msp430_18.12.4.LTS\lib\</path>
         <kind>archive</kind>
         <file>rts430_eabi.lib</file>
         <name>strcpy.c.obj</name>
      </input_file>
      <input_file id="fl-71">
         <path>..\ti-cgt-msp430_18.12.4.LTS\lib\</path>
         <kind>archive</kind>
         <file>rts430_eabi.lib</file>
         <name>strlen.c.obj</name>
      </input_file>
      <input_file id="fl-72">
         <path>..\ti-cgt-msp430_18.12.4.LTS\lib\</path>
         <kind>archive</kind>
         <file>rts430_eabi.lib</file>
         <name>strncpy.c.obj</name>
      </input_file>
      <input_file id="fl-73">
         <path>..\ti-cgt-msp430_18.12.4.LTS\lib\</path>
         <kind>archive</kind>
         <file>rts430_eabi.lib</file>
         <name>remove.c.obj</name>
      </input_file>
      <input_file id="fl-74">
         <path>..\ti-cgt-msp430_18.12.4.LTS\lib\</path>
         <kind>archive</kind>
         <file>rts430_eabi.lib</file>
         <name>close.c.obj</name>
      </input_file>
      <input_file id="fl-75">
         <path>..\ti-cgt-msp430_18.12.4.LTS\lib\</path>
         <kind>archive</kind>
         <file>rts430_eabi.lib</file>
         <name>unlink.c.obj</name>
      </input_file>
   </input_file_list>
   <object_component_list>
      <object_component id="oc-3f7">
         <name>.bss</name>
         <uninitialized>true</uninitialized>
         <run_address>0x13f2</run_address>
         <size>0x2</size>
         <input_file_ref idref="fl-58"/>
      </object_component>
      <object_component id="oc-236">
         <name>.common:Unity</name>
         <uninitialized>true</uninitialized>
         <run_address>0x13b8</run_address>
         <size>0x32</size>
      </object_component>
      <object_component id="oc-217">
         <name>.common:__TI_cleanup_ptr</name>
         <uninitialized>true</uninitialized>
         <run_address>0x13f4</run_address>
         <size>0x2</size>
      </object_component>
      <object_component id="oc-216">
         <name>.common:__TI_dtors_ptr</name>
         <uninitialized>true</uninitialized>
         <run_address>0x13f6</run_address>
         <size>0x2</size>
      </object_component>
      <object_component id="oc-40c">
         <name>.common:__TI_tmpnams</name>
         <uninitialized>true</uninitialized>
         <run_address>0x1318</run_address>
         <size>0xa0</size>
      </object_component>
      <object_component id="oc-417">
         <name>.common:parmbuf</name>
         <uninitialized>true</uninitialized>
         <run_address>0x13ea</run_address>
         <size>0x8</size>
      </object_component>
      <object_component id="oc-210">
         <name>.data</name>
         <load_address>0x1314</load_address>
         <run_address>0x1314</run_address>
         <size>0x2</size>
         <input_file_ref idref="fl-53"/>
      </object_component>
      <object_component id="oc-213">
         <name>.data:_lock</name>
         <load_address>0x130e</load_address>
         <run_address>0x130e</run_address>
         <size>0x2</size>
         <input_file_ref idref="fl-54"/>
      </object_component>
      <object_component id="oc-218">
         <name>.data:_unlock</name>
         <load_address>0x1310</load_address>
         <run_address>0x1310</run_address>
         <size>0x2</size>
         <input_file_ref idref="fl-54"/>
      </object_component>
      <object_component id="oc-2d4">
         <name>.data:_ftable</name>
         <load_address>0x1220</load_address>
         <run_address>0x1220</run_address>
         <size>0x78</size>
         <input_file_ref idref="fl-56"/>
      </object_component>
      <object_component id="oc-3c1">
         <name>.data</name>
         <load_address>0x1312</load_address>
         <run_address>0x1312</run_address>
         <size>0x2</size>
         <input_file_ref idref="fl-56"/>
      </object_component>
      <object_component id="oc-3fc">
         <name>.data</name>
         <load_address>0x1316</load_address>
         <run_address>0x1316</run_address>
         <size>0x2</size>
         <input_file_ref idref="fl-58"/>
      </object_component>
      <object_component id="oc-391">
         <name>.data:_device</name>
         <load_address>0x1298</load_address>
         <run_address>0x1298</run_address>
         <size>0x4e</size>
         <input_file_ref idref="fl-5b"/>
      </object_component>
      <object_component id="oc-362">
         <name>.data:_stream</name>
         <load_address>0x12e6</load_address>
         <run_address>0x12e6</run_address>
         <size>0x28</size>
         <input_file_ref idref="fl-5b"/>
      </object_component>
      <object_component id="oc-fe">
         <name>.sysmem</name>
         <uninitialized>true</uninitialized>
         <run_address>0x13f8</run_address>
         <size>0x8</size>
         <input_file_ref idref="fl-58"/>
      </object_component>
      <object_component id="oc-4ec">
         <name>.sysmem</name>
         <uninitialized>true</uninitialized>
         <run_address>0x13f8</run_address>
         <size>0x0</size>
      </object_component>
      <object_component id="oc-fa">
         <name>.stack</name>
         <uninitialized>true</uninitialized>
         <run_address>0x38b0</run_address>
         <size>0x2</size>
         <input_file_ref idref="fl-b"/>
      </object_component>
      <object_component id="oc-4eb">
         <name>.stack</name>
         <uninitialized>true</uninitialized>
         <run_address>0x38b0</run_address>
         <size>0x0</size>
      </object_component>
      <object_component id="oc-3b4">
         <name>.text:aligned_alloc</name>
         <load_address>0x4000</load_address>
         <run_address>0x4000</run_address>
         <size>0x104</size>
         <input_file_ref idref="fl-58"/>
      </object_component>
      <object_component id="oc-2b1">
         <name>.text:UnityPrintNumberByStyle</name>
         <load_address>0x4104</load_address>
         <run_address>0x4104</run_address>
         <size>0xd2</size>
         <input_file_ref idref="fl-4"/>
      </object_component>
      <object_component id="oc-374">
         <name>.text:free</name>
         <load_address>0x41d6</load_address>
         <run_address>0x41d6</run_address>
         <size>0xd2</size>
         <input_file_ref idref="fl-58"/>
      </object_component>
      <object_component id="oc-358">
         <name>.text:setvbuf</name>
         <load_address>0x42a8</load_address>
         <run_address>0x42a8</run_address>
         <size>0xd0</size>
         <input_file_ref idref="fl-23"/>
      </object_component>
      <object_component id="oc-240">
         <name>.text:UnityAssertEqualNumber</name>
         <load_address>0x4378</load_address>
         <run_address>0x4378</run_address>
         <size>0x9e</size>
         <input_file_ref idref="fl-4"/>
      </object_component>
      <object_component id="oc-2d7">
         <name>.text:fputc</name>
         <load_address>0x4416</load_address>
         <run_address>0x4416</run_address>
         <size>0x90</size>
         <input_file_ref idref="fl-21"/>
      </object_component>
      <object_component id="oc-3df">
         <name>.text:HOSTlseek</name>
         <load_address>0x44a6</load_address>
         <run_address>0x44a6</run_address>
         <size>0x88</size>
         <input_file_ref idref="fl-63"/>
      </object_component>
      <object_component id="oc-201">
         <name>.text:UnityEnd</name>
         <load_address>0x452e</load_address>
         <run_address>0x452e</run_address>
         <size>0x88</size>
         <input_file_ref idref="fl-4"/>
      </object_component>
      <object_component id="oc-33">
         <name>.text:decompress:lzss:__TI_decompress_lzss</name>
         <load_address>0x45b6</load_address>
         <run_address>0x45b6</run_address>
         <size>0x7c</size>
         <input_file_ref idref="fl-52"/>
      </object_component>
      <object_component id="oc-31f">
         <name>.text:__TI_wrt_ok</name>
         <load_address>0x4632</load_address>
         <run_address>0x4632</run_address>
         <size>0x7a</size>
         <input_file_ref idref="fl-22"/>
      </object_component>
      <object_component id="oc-2e7">
         <name>.text:UnityPrintNumberUnsigned</name>
         <load_address>0x46ac</load_address>
         <run_address>0x46ac</run_address>
         <size>0x78</size>
         <input_file_ref idref="fl-4"/>
      </object_component>
      <object_component id="oc-3bb">
         <name>.text:__TI_closefile</name>
         <load_address>0x4724</load_address>
         <run_address>0x4724</run_address>
         <size>0x72</size>
         <input_file_ref idref="fl-6c"/>
      </object_component>
      <object_component id="oc-352">
         <name>.text:fseek</name>
         <load_address>0x4796</load_address>
         <run_address>0x4796</run_address>
         <size>0x70</size>
         <input_file_ref idref="fl-5e"/>
      </object_component>
      <object_component id="oc-2e0">
         <name>.text:UnityPrintChar</name>
         <load_address>0x4806</load_address>
         <run_address>0x4806</run_address>
         <size>0x6e</size>
         <input_file_ref idref="fl-4"/>
      </object_component>
      <object_component id="oc-3eb">
         <name>.text:HOSTrename</name>
         <load_address>0x4874</load_address>
         <run_address>0x4874</run_address>
         <size>0x6a</size>
         <input_file_ref idref="fl-66"/>
      </object_component>
      <object_component id="oc-3ff">
         <name>.text:split</name>
         <load_address>0x48de</load_address>
         <run_address>0x48de</run_address>
         <size>0x68</size>
         <input_file_ref idref="fl-58"/>
      </object_component>
      <object_component id="oc-3c7">
         <name>.text:HOSTopen</name>
         <load_address>0x4946</load_address>
         <run_address>0x4946</run_address>
         <size>0x66</size>
         <input_file_ref idref="fl-64"/>
      </object_component>
      <object_component id="oc-1f5">
         <name>.text:test_testISR</name>
         <load_address>0x49ac</load_address>
         <run_address>0x49ac</run_address>
         <size>0x64</size>
         <input_file_ref idref="fl-3"/>
      </object_component>
      <object_component id="oc-3d9">
         <name>.text:HOSTwrite</name>
         <load_address>0x4a10</load_address>
         <run_address>0x4a10</run_address>
         <size>0x62</size>
         <input_file_ref idref="fl-68"/>
      </object_component>
      <object_component id="oc-325">
         <name>.text:__TI_doflush</name>
         <load_address>0x4a72</load_address>
         <run_address>0x4a72</run_address>
         <size>0x62</size>
         <input_file_ref idref="fl-5c"/>
      </object_component>
      <object_component id="oc-3d3">
         <name>.text:HOSTread</name>
         <load_address>0x4ad4</load_address>
         <run_address>0x4ad4</run_address>
         <size>0x60</size>
         <input_file_ref idref="fl-65"/>
      </object_component>
      <object_component id="oc-258">
         <name>.text:UnityConcludeTest</name>
         <load_address>0x4b34</load_address>
         <run_address>0x4b34</run_address>
         <size>0x5e</size>
         <input_file_ref idref="fl-4"/>
      </object_component>
      <object_component id="oc-18f">
         <name>.text:__TI_auto_init_nobinit_nopinit_hold_wdt:__TI_auto_init_nobinit_nopinit_hold_wdt</name>
         <load_address>0x4b92</load_address>
         <run_address>0x4b92</run_address>
         <size>0x58</size>
         <input_file_ref idref="fl-4a"/>
      </object_component>
      <object_component id="oc-44b">
         <name>.text:getdevice</name>
         <load_address>0x4bea</load_address>
         <run_address>0x4bea</run_address>
         <size>0x58</size>
         <input_file_ref idref="fl-6d"/>
      </object_component>
      <object_component id="oc-339">
         <name>.text</name>
         <load_address>0x4c42</load_address>
         <run_address>0x4c42</run_address>
         <size>0x58</size>
         <input_file_ref idref="fl-27"/>
      </object_component>
      <object_component id="oc-247">
         <name>.text</name>
         <load_address>0x4c9a</load_address>
         <run_address>0x4c9a</run_address>
         <size>0x58</size>
         <input_file_ref idref="fl-49"/>
      </object_component>
      <object_component id="oc-1fb">
         <name>.text:UnityDefaultTestRun</name>
         <load_address>0x4cf2</load_address>
         <run_address>0x4cf2</run_address>
         <size>0x52</size>
         <input_file_ref idref="fl-4"/>
      </object_component>
      <object_component id="oc-2ba">
         <name>.text:UnityAddMsgIfSpecified</name>
         <load_address>0x4d44</load_address>
         <run_address>0x4d44</run_address>
         <size>0x4e</size>
         <input_file_ref idref="fl-4"/>
      </object_component>
      <object_component id="oc-303">
         <name>.text:UnityPrintNumberHex</name>
         <load_address>0x4d92</load_address>
         <run_address>0x4d92</run_address>
         <size>0x4c</size>
         <input_file_ref idref="fl-4"/>
      </object_component>
      <object_component id="oc-106">
         <name>.text</name>
         <load_address>0x4dde</load_address>
         <run_address>0x4dde</run_address>
         <size>0x4c</size>
         <input_file_ref idref="fl-41"/>
      </object_component>
      <object_component id="oc-406">
         <name>.text:close</name>
         <load_address>0x4e2a</load_address>
         <run_address>0x4e2a</run_address>
         <size>0x4a</size>
         <input_file_ref idref="fl-74"/>
      </object_component>
      <object_component id="oc-3cd">
         <name>.text:HOSTclose</name>
         <load_address>0x4e74</load_address>
         <run_address>0x4e74</run_address>
         <size>0x44</size>
         <input_file_ref idref="fl-62"/>
      </object_component>
      <object_component id="oc-1b5">
         <name>.text:exit</name>
         <load_address>0x4eb8</load_address>
         <run_address>0x4eb8</run_address>
         <size>0x44</size>
         <input_file_ref idref="fl-53"/>
      </object_component>
      <object_component id="oc-1ef">
         <name>.text:UnityBegin</name>
         <load_address>0x4efc</load_address>
         <run_address>0x4efc</run_address>
         <size>0x42</size>
         <input_file_ref idref="fl-4"/>
      </object_component>
      <object_component id="oc-3e5">
         <name>.text:HOSTunlink</name>
         <load_address>0x4f3e</load_address>
         <run_address>0x4f3e</run_address>
         <size>0x40</size>
         <input_file_ref idref="fl-67"/>
      </object_component>
      <object_component id="oc-433">
         <name>.text:l_lsl_const</name>
         <load_address>0x4f7e</load_address>
         <run_address>0x4f7e</run_address>
         <size>0x3e</size>
         <input_file_ref idref="fl-40"/>
      </object_component>
      <object_component id="oc-2c4">
         <name>.text:UnityTestResultsBegin</name>
         <load_address>0x4fbc</load_address>
         <run_address>0x4fbc</run_address>
         <size>0x38</size>
         <input_file_ref idref="fl-4"/>
      </object_component>
      <object_component id="oc-380">
         <name>.text:__TI_cleanup</name>
         <load_address>0x4ff4</load_address>
         <run_address>0x4ff4</run_address>
         <size>0x34</size>
         <input_file_ref idref="fl-5d"/>
      </object_component>
      <object_component id="oc-47c">
         <name>.text:finddevice</name>
         <load_address>0x5028</load_address>
         <run_address>0x5028</run_address>
         <size>0x34</size>
         <input_file_ref idref="fl-6d"/>
      </object_component>
      <object_component id="oc-139">
         <name>.text:CLK_CFG</name>
         <load_address>0x505c</load_address>
         <run_address>0x505c</run_address>
         <size>0x2e</size>
         <input_file_ref idref="fl-b"/>
      </object_component>
      <object_component id="oc-420">
         <name>.text:__TI_writemsg</name>
         <load_address>0x508a</load_address>
         <run_address>0x508a</run_address>
         <size>0x2e</size>
         <input_file_ref idref="fl-69"/>
      </object_component>
      <object_component id="oc-334">
         <name>.text</name>
         <load_address>0x50b8</load_address>
         <run_address>0x50b8</run_address>
         <size>0x2e</size>
         <input_file_ref idref="fl-46"/>
      </object_component>
      <object_component id="oc-426">
         <name>.text:__TI_readmsg</name>
         <load_address>0x50e6</load_address>
         <run_address>0x50e6</run_address>
         <size>0x2c</size>
         <input_file_ref idref="fl-69"/>
      </object_component>
      <object_component id="oc-101">
         <name>.text</name>
         <load_address>0x5112</load_address>
         <run_address>0x5112</run_address>
         <size>0x2c</size>
         <input_file_ref idref="fl-60"/>
      </object_component>
      <object_component id="oc-476">
         <name>.text:strncpy</name>
         <load_address>0x513e</load_address>
         <run_address>0x513e</run_address>
         <size>0x2c</size>
         <input_file_ref idref="fl-72"/>
      </object_component>
      <object_component id="oc-273">
         <name>.text:UnityPrintNumber</name>
         <load_address>0x516a</load_address>
         <run_address>0x516a</run_address>
         <size>0x28</size>
         <input_file_ref idref="fl-4"/>
      </object_component>
      <object_component id="oc-3ad">
         <name>.text:free_list_insert</name>
         <load_address>0x5192</load_address>
         <run_address>0x5192</run_address>
         <size>0x28</size>
         <input_file_ref idref="fl-58"/>
      </object_component>
      <object_component id="oc-40d">
         <name>.text:unlink</name>
         <load_address>0x51ba</load_address>
         <run_address>0x51ba</run_address>
         <size>0x28</size>
         <input_file_ref idref="fl-75"/>
      </object_component>
      <object_component id="oc-36c">
         <name>.text:lseek</name>
         <load_address>0x51e2</load_address>
         <run_address>0x51e2</run_address>
         <size>0x26</size>
         <input_file_ref idref="fl-6b"/>
      </object_component>
      <object_component id="oc-146">
         <name>.text:_args_main</name>
         <load_address>0x5208</load_address>
         <run_address>0x5208</run_address>
         <size>0x24</size>
         <input_file_ref idref="fl-55"/>
      </object_component>
      <object_component id="oc-4f">
         <name>.text:_c_int00</name>
         <load_address>0x522c</load_address>
         <run_address>0x522c</run_address>
         <size>0x24</size>
         <input_file_ref idref="fl-b"/>
      </object_component>
      <object_component id="oc-32b">
         <name>.text:write</name>
         <load_address>0x5250</load_address>
         <run_address>0x5250</run_address>
         <size>0x24</size>
         <input_file_ref idref="fl-5a"/>
      </object_component>
      <object_component id="oc-2a8">
         <name>.text:UnityTestResultsFailBegin</name>
         <load_address>0x5274</load_address>
         <run_address>0x5274</run_address>
         <size>0x20</size>
         <input_file_ref idref="fl-4"/>
      </object_component>
      <object_component id="oc-1a7">
         <name>.text:main</name>
         <load_address>0x5294</load_address>
         <run_address>0x5294</run_address>
         <size>0x1e</size>
         <input_file_ref idref="fl-3"/>
      </object_component>
      <object_component id="oc-26d">
         <name>.text:UnityPrint</name>
         <load_address>0x52b2</load_address>
         <run_address>0x52b2</run_address>
         <size>0x1c</size>
         <input_file_ref idref="fl-4"/>
      </object_component>
      <object_component id="oc-3a7">
         <name>.text:free_list_remove</name>
         <load_address>0x52ce</load_address>
         <run_address>0x52ce</run_address>
         <size>0x1c</size>
         <input_file_ref idref="fl-58"/>
      </object_component>
      <object_component id="oc-470">
         <name>.text:strchr</name>
         <load_address>0x52ea</load_address>
         <run_address>0x52ea</run_address>
         <size>0x1a</size>
         <input_file_ref idref="fl-6e"/>
      </object_component>
      <object_component id="oc-497">
         <name>.text:strcmp</name>
         <load_address>0x5304</load_address>
         <run_address>0x5304</run_address>
         <size>0x18</size>
         <input_file_ref idref="fl-6f"/>
      </object_component>
      <object_component id="oc-12d">
         <name>.text:decompress:ZI:__TI_zero_init_nomemset:__TI_zero_init_nomemset</name>
         <load_address>0x531c</load_address>
         <run_address>0x531c</run_address>
         <size>0x14</size>
         <input_file_ref idref="fl-4b"/>
      </object_component>
      <object_component id="oc-39">
         <name>.text:decompress:none:__TI_decompress_none</name>
         <load_address>0x5330</load_address>
         <run_address>0x5330</run_address>
         <size>0x12</size>
         <input_file_ref idref="fl-51"/>
      </object_component>
      <object_component id="oc-33f">
         <name>.text:l_lsr</name>
         <load_address>0x5342</load_address>
         <run_address>0x5342</run_address>
         <size>0x12</size>
         <input_file_ref idref="fl-42"/>
      </object_component>
      <object_component id="oc-11b">
         <name>.text:memcpy</name>
         <load_address>0x5354</load_address>
         <run_address>0x5354</run_address>
         <size>0x12</size>
         <input_file_ref idref="fl-57"/>
      </object_component>
      <object_component id="oc-10b">
         <name>.text</name>
         <load_address>0x5366</load_address>
         <run_address>0x5366</run_address>
         <size>0x10</size>
         <input_file_ref idref="fl-28"/>
      </object_component>
      <object_component id="oc-43c">
         <name>.text:strcpy</name>
         <load_address>0x5376</load_address>
         <run_address>0x5376</run_address>
         <size>0x10</size>
         <input_file_ref idref="fl-70"/>
      </object_component>
      <object_component id="oc-23a">
         <name>.text:add</name>
         <load_address>0x5386</load_address>
         <run_address>0x5386</run_address>
         <size>0xe</size>
         <input_file_ref idref="fl-2"/>
      </object_component>
      <object_component id="oc-41a">
         <name>.text:strlen</name>
         <load_address>0x5394</load_address>
         <run_address>0x5394</run_address>
         <size>0xe</size>
         <input_file_ref idref="fl-71"/>
      </object_component>
      <object_component id="oc-128">
         <name>.text:_isr:__TI_ISR_TRAP</name>
         <load_address>0x53a2</load_address>
         <run_address>0x53a2</run_address>
         <size>0x8</size>
         <input_file_ref idref="fl-3f"/>
      </object_component>
      <object_component id="oc-37a">
         <name>.text:malloc</name>
         <load_address>0x53aa</load_address>
         <run_address>0x53aa</run_address>
         <size>0x8</size>
         <input_file_ref idref="fl-58"/>
      </object_component>
      <object_component id="oc-264">
         <name>.text:putchar</name>
         <load_address>0x53b2</load_address>
         <run_address>0x53b2</run_address>
         <size>0x8</size>
         <input_file_ref idref="fl-21"/>
      </object_component>
      <object_component id="oc-1af">
         <name>.text:abort</name>
         <load_address>0x53ba</load_address>
         <run_address>0x53ba</run_address>
         <size>0x6</size>
         <input_file_ref idref="fl-53"/>
      </object_component>
      <object_component id="oc-13f">
         <name>.text:_system_pre_init</name>
         <load_address>0x53c0</load_address>
         <run_address>0x53c0</run_address>
         <size>0x4</size>
         <input_file_ref idref="fl-4f"/>
      </object_component>
      <object_component id="oc-28b">
         <name>.text:_nop</name>
         <load_address>0x53c4</load_address>
         <run_address>0x53c4</run_address>
         <size>0x2</size>
         <input_file_ref idref="fl-54"/>
      </object_component>
      <object_component id="oc-1d4">
         <name>.text:_system_post_cinit</name>
         <load_address>0x53c6</load_address>
         <run_address>0x53c6</run_address>
         <size>0x2</size>
         <input_file_ref idref="fl-50"/>
      </object_component>
      <object_component id="oc-24c">
         <name>.text:setUp</name>
         <load_address>0x53c8</load_address>
         <run_address>0x53c8</run_address>
         <size>0x2</size>
         <input_file_ref idref="fl-3"/>
      </object_component>
      <object_component id="oc-252">
         <name>.text:tearDown</name>
         <load_address>0x53ca</load_address>
         <run_address>0x53ca</run_address>
         <size>0x2</size>
         <input_file_ref idref="fl-3"/>
      </object_component>
      <object_component id="oc-4ea">
         <name>.cinit..data.load</name>
         <load_address>0x5472</load_address>
         <run_address>0x5472</run_address>
         <size>0x42</size>
      </object_component>
      <object_component id="oc-4e7">
         <name>__TI_handler_table</name>
         <load_address>0x54b4</load_address>
         <run_address>0x54b4</run_address>
         <size>0x6</size>
      </object_component>
      <object_component id="oc-4e9">
         <name>.cinit..bss.load</name>
         <load_address>0x54ba</load_address>
         <run_address>0x54ba</run_address>
         <size>0x4</size>
      </object_component>
      <object_component id="oc-4e8">
         <name>__TI_cinit_table</name>
         <load_address>0x54be</load_address>
         <run_address>0x54be</run_address>
         <size>0x8</size>
      </object_component>
      <object_component id="oc-1ee">
         <name>.const:.string</name>
         <load_address>0x53cc</load_address>
         <run_address>0x53cc</run_address>
         <size>0x34</size>
         <input_file_ref idref="fl-3"/>
      </object_component>
      <object_component id="oc-26a">
         <name>.const:.string:UnityStrBreaker</name>
         <load_address>0x5400</load_address>
         <run_address>0x5400</run_address>
         <size>0x18</size>
         <input_file_ref idref="fl-4"/>
      </object_component>
      <object_component id="oc-312">
         <name>.const:.string:UnityStrDetail2Name</name>
         <load_address>0x5418</load_address>
         <run_address>0x5418</run_address>
         <size>0xb</size>
         <input_file_ref idref="fl-4"/>
      </object_component>
      <object_component id="oc-2ae">
         <name>.const:.string:UnityStrExpected</name>
         <load_address>0x5424</load_address>
         <run_address>0x5424</run_address>
         <size>0xb</size>
         <input_file_ref idref="fl-4"/>
      </object_component>
      <object_component id="oc-27c">
         <name>.const:.string:UnityStrResultsFailures</name>
         <load_address>0x5430</load_address>
         <run_address>0x5430</run_address>
         <size>0xb</size>
         <input_file_ref idref="fl-4"/>
      </object_component>
      <object_component id="oc-30f">
         <name>.const:.string:UnityStrDetail1Name</name>
         <load_address>0x543c</load_address>
         <run_address>0x543c</run_address>
         <size>0xa</size>
         <input_file_ref idref="fl-4"/>
      </object_component>
      <object_component id="oc-27f">
         <name>.const:.string:UnityStrResultsIgnored</name>
         <load_address>0x5446</load_address>
         <run_address>0x5446</run_address>
         <size>0xa</size>
         <input_file_ref idref="fl-4"/>
      </object_component>
      <object_component id="oc-279">
         <name>.const:.string:UnityStrResultsTests</name>
         <load_address>0x5450</load_address>
         <run_address>0x5450</run_address>
         <size>0x8</size>
         <input_file_ref idref="fl-4"/>
      </object_component>
      <object_component id="oc-2b7">
         <name>.const:.string:UnityStrWas</name>
         <load_address>0x5458</load_address>
         <run_address>0x5458</run_address>
         <size>0x6</size>
         <input_file_ref idref="fl-4"/>
      </object_component>
      <object_component id="oc-285">
         <name>.const:.string:UnityStrFail</name>
         <load_address>0x545e</load_address>
         <run_address>0x545e</run_address>
         <size>0x5</size>
         <input_file_ref idref="fl-4"/>
      </object_component>
      <object_component id="oc-2ca">
         <name>.const:.string:UnityStrPass</name>
         <load_address>0x5464</load_address>
         <run_address>0x5464</run_address>
         <size>0x5</size>
         <input_file_ref idref="fl-4"/>
      </object_component>
      <object_component id="oc-282">
         <name>.const:.string:UnityStrOk</name>
         <load_address>0x546a</load_address>
         <run_address>0x546a</run_address>
         <size>0x3</size>
         <input_file_ref idref="fl-4"/>
      </object_component>
      <object_component id="oc-30c">
         <name>.const:.string:UnityStrSpacer</name>
         <load_address>0x546e</load_address>
         <run_address>0x546e</run_address>
         <size>0x3</size>
         <input_file_ref idref="fl-4"/>
      </object_component>
      <object_component id="oc-459">
         <name>.cio</name>
         <uninitialized>true</uninitialized>
         <run_address>0x1100</run_address>
         <size>0x120</size>
         <input_file_ref idref="fl-69"/>
      </object_component>
      <object_component id="oc-4ae">
         <name>.binit</name>
         <load_address>0x4000</load_address>
         <run_address>0x4000</run_address>
         <size>0x0</size>
      </object_component>
      <object_component id="oc-3f">
         <name>.int00</name>
         <load_address>0xffe0</load_address>
         <run_address>0xffe0</run_address>
         <size>0x2</size>
         <input_file_ref idref="fl-30"/>
      </object_component>
      <object_component id="oc-40">
         <name>.int01</name>
         <load_address>0xffe2</load_address>
         <run_address>0xffe2</run_address>
         <size>0x2</size>
         <input_file_ref idref="fl-31"/>
      </object_component>
      <object_component id="oc-41">
         <name>.int02</name>
         <load_address>0xffe4</load_address>
         <run_address>0xffe4</run_address>
         <size>0x2</size>
         <input_file_ref idref="fl-32"/>
      </object_component>
      <object_component id="oc-42">
         <name>.int03</name>
         <load_address>0xffe6</load_address>
         <run_address>0xffe6</run_address>
         <size>0x2</size>
         <input_file_ref idref="fl-33"/>
      </object_component>
      <object_component id="oc-43">
         <name>.int04</name>
         <load_address>0xffe8</load_address>
         <run_address>0xffe8</run_address>
         <size>0x2</size>
         <input_file_ref idref="fl-34"/>
      </object_component>
      <object_component id="oc-44">
         <name>.int05</name>
         <load_address>0xffea</load_address>
         <run_address>0xffea</run_address>
         <size>0x2</size>
         <input_file_ref idref="fl-35"/>
      </object_component>
      <object_component id="oc-45">
         <name>.int06</name>
         <load_address>0xffec</load_address>
         <run_address>0xffec</run_address>
         <size>0x2</size>
         <input_file_ref idref="fl-36"/>
      </object_component>
      <object_component id="oc-46">
         <name>.int07</name>
         <load_address>0xffee</load_address>
         <run_address>0xffee</run_address>
         <size>0x2</size>
         <input_file_ref idref="fl-37"/>
      </object_component>
      <object_component id="oc-47">
         <name>.int08</name>
         <load_address>0xfff0</load_address>
         <run_address>0xfff0</run_address>
         <size>0x2</size>
         <input_file_ref idref="fl-38"/>
      </object_component>
      <object_component id="oc-48">
         <name>.int09</name>
         <load_address>0xfff2</load_address>
         <run_address>0xfff2</run_address>
         <size>0x2</size>
         <input_file_ref idref="fl-39"/>
      </object_component>
      <object_component id="oc-49">
         <name>.int10</name>
         <load_address>0xfff4</load_address>
         <run_address>0xfff4</run_address>
         <size>0x2</size>
         <input_file_ref idref="fl-3a"/>
      </object_component>
      <object_component id="oc-4a">
         <name>.int11</name>
         <load_address>0xfff6</load_address>
         <run_address>0xfff6</run_address>
         <size>0x2</size>
         <input_file_ref idref="fl-3b"/>
      </object_component>
      <object_component id="oc-4b">
         <name>.int12</name>
         <load_address>0xfff8</load_address>
         <run_address>0xfff8</run_address>
         <size>0x2</size>
         <input_file_ref idref="fl-3c"/>
      </object_component>
      <object_component id="oc-4c">
         <name>.int13</name>
         <load_address>0xfffa</load_address>
         <run_address>0xfffa</run_address>
         <size>0x2</size>
         <input_file_ref idref="fl-3d"/>
      </object_component>
      <object_component id="oc-4d">
         <name>.int14</name>
         <load_address>0xfffc</load_address>
         <run_address>0xfffc</run_address>
         <size>0x2</size>
         <input_file_ref idref="fl-3e"/>
      </object_component>
      <object_component id="oc-fd">
         <name>.reset</name>
         <load_address>0xfffe</load_address>
         <run_address>0xfffe</run_address>
         <size>0x2</size>
         <input_file_ref idref="fl-b"/>
      </object_component>
      <object_component id="oc-23b">
         <name>.debug_info</name>
         <load_address>0x0</load_address>
         <run_address>0x0</run_address>
         <size>0x145</size>
         <input_file_ref idref="fl-2"/>
      </object_component>
      <object_component id="oc-116">
         <name>.debug_info</name>
         <load_address>0x145</load_address>
         <run_address>0x145</run_address>
         <size>0x84</size>
         <input_file_ref idref="fl-2"/>
      </object_component>
      <object_component id="oc-2ce">
         <name>.debug_info</name>
         <load_address>0x1c9</load_address>
         <run_address>0x1c9</run_address>
         <size>0x281</size>
         <input_file_ref idref="fl-3"/>
      </object_component>
      <object_component id="oc-1f6">
         <name>.debug_info</name>
         <load_address>0x44a</load_address>
         <run_address>0x44a</run_address>
         <size>0x19e</size>
         <input_file_ref idref="fl-3"/>
      </object_component>
      <object_component id="oc-253">
         <name>.debug_info</name>
         <load_address>0x5e8</load_address>
         <run_address>0x5e8</run_address>
         <size>0x148</size>
         <input_file_ref idref="fl-3"/>
      </object_component>
      <object_component id="oc-24d">
         <name>.debug_info</name>
         <load_address>0x730</load_address>
         <run_address>0x730</run_address>
         <size>0x142</size>
         <input_file_ref idref="fl-3"/>
      </object_component>
      <object_component id="oc-1a8">
         <name>.debug_info</name>
         <load_address>0x872</load_address>
         <run_address>0x872</run_address>
         <size>0x17a</size>
         <input_file_ref idref="fl-3"/>
      </object_component>
      <object_component id="oc-25f">
         <name>.debug_info</name>
         <load_address>0x9ec</load_address>
         <run_address>0x9ec</run_address>
         <size>0x358</size>
         <input_file_ref idref="fl-3"/>
      </object_component>
      <object_component id="oc-2a2">
         <name>.debug_info</name>
         <load_address>0xd44</load_address>
         <run_address>0xd44</run_address>
         <size>0x26b</size>
         <input_file_ref idref="fl-3"/>
      </object_component>
      <object_component id="oc-2fb">
         <name>.debug_info</name>
         <load_address>0xfaf</load_address>
         <run_address>0xfaf</run_address>
         <size>0x275</size>
         <input_file_ref idref="fl-3"/>
      </object_component>
      <object_component id="oc-2cf">
         <name>.debug_info</name>
         <load_address>0x1224</load_address>
         <run_address>0x1224</run_address>
         <size>0x2c</size>
         <input_file_ref idref="fl-3"/>
      </object_component>
      <object_component id="oc-237">
         <name>.debug_info</name>
         <load_address>0x1250</load_address>
         <run_address>0x1250</run_address>
         <size>0x3ee</size>
         <input_file_ref idref="fl-4"/>
      </object_component>
      <object_component id="oc-283">
         <name>.debug_info</name>
         <load_address>0x163e</load_address>
         <run_address>0x163e</run_address>
         <size>0xe1</size>
         <input_file_ref idref="fl-4"/>
      </object_component>
      <object_component id="oc-2cb">
         <name>.debug_info</name>
         <load_address>0x171f</load_address>
         <run_address>0x171f</run_address>
         <size>0xe5</size>
         <input_file_ref idref="fl-4"/>
      </object_component>
      <object_component id="oc-286">
         <name>.debug_info</name>
         <load_address>0x1804</load_address>
         <run_address>0x1804</run_address>
         <size>0xe5</size>
         <input_file_ref idref="fl-4"/>
      </object_component>
      <object_component id="oc-30d">
         <name>.debug_info</name>
         <load_address>0x18e9</load_address>
         <run_address>0x18e9</run_address>
         <size>0xe8</size>
         <input_file_ref idref="fl-4"/>
      </object_component>
      <object_component id="oc-2af">
         <name>.debug_info</name>
         <load_address>0x19d1</load_address>
         <run_address>0x19d1</run_address>
         <size>0xec</size>
         <input_file_ref idref="fl-4"/>
      </object_component>
      <object_component id="oc-2b8">
         <name>.debug_info</name>
         <load_address>0x1abd</load_address>
         <run_address>0x1abd</run_address>
         <size>0xe2</size>
         <input_file_ref idref="fl-4"/>
      </object_component>
      <object_component id="oc-26b">
         <name>.debug_info</name>
         <load_address>0x1b9f</load_address>
         <run_address>0x1b9f</run_address>
         <size>0xea</size>
         <input_file_ref idref="fl-4"/>
      </object_component>
      <object_component id="oc-27a">
         <name>.debug_info</name>
         <load_address>0x1c89</load_address>
         <run_address>0x1c89</run_address>
         <size>0xf4</size>
         <input_file_ref idref="fl-4"/>
      </object_component>
      <object_component id="oc-27d">
         <name>.debug_info</name>
         <load_address>0x1d7d</load_address>
         <run_address>0x1d7d</run_address>
         <size>0xfa</size>
         <input_file_ref idref="fl-4"/>
      </object_component>
      <object_component id="oc-280">
         <name>.debug_info</name>
         <load_address>0x1e77</load_address>
         <run_address>0x1e77</run_address>
         <size>0xf8</size>
         <input_file_ref idref="fl-4"/>
      </object_component>
      <object_component id="oc-310">
         <name>.debug_info</name>
         <load_address>0x1f6f</load_address>
         <run_address>0x1f6f</run_address>
         <size>0xf2</size>
         <input_file_ref idref="fl-4"/>
      </object_component>
      <object_component id="oc-313">
         <name>.debug_info</name>
         <load_address>0x2061</load_address>
         <run_address>0x2061</run_address>
         <size>0xf2</size>
         <input_file_ref idref="fl-4"/>
      </object_component>
      <object_component id="oc-2e8">
         <name>.debug_info</name>
         <load_address>0x2153</load_address>
         <run_address>0x2153</run_address>
         <size>0x201</size>
         <input_file_ref idref="fl-4"/>
      </object_component>
      <object_component id="oc-304">
         <name>.debug_info</name>
         <load_address>0x2354</load_address>
         <run_address>0x2354</run_address>
         <size>0x218</size>
         <input_file_ref idref="fl-4"/>
      </object_component>
      <object_component id="oc-274">
         <name>.debug_info</name>
         <load_address>0x256c</load_address>
         <run_address>0x256c</run_address>
         <size>0x1c7</size>
         <input_file_ref idref="fl-4"/>
      </object_component>
      <object_component id="oc-2b2">
         <name>.debug_info</name>
         <load_address>0x2733</load_address>
         <run_address>0x2733</run_address>
         <size>0x29e</size>
         <input_file_ref idref="fl-4"/>
      </object_component>
      <object_component id="oc-2e1">
         <name>.debug_info</name>
         <load_address>0x29d1</load_address>
         <run_address>0x29d1</run_address>
         <size>0x1cc</size>
         <input_file_ref idref="fl-4"/>
      </object_component>
      <object_component id="oc-26e">
         <name>.debug_info</name>
         <load_address>0x2b9d</load_address>
         <run_address>0x2b9d</run_address>
         <size>0x179</size>
         <input_file_ref idref="fl-4"/>
      </object_component>
      <object_component id="oc-2c5">
         <name>.debug_info</name>
         <load_address>0x2d16</load_address>
         <run_address>0x2d16</run_address>
         <size>0x1d9</size>
         <input_file_ref idref="fl-4"/>
      </object_component>
      <object_component id="oc-202">
         <name>.debug_info</name>
         <load_address>0x2eef</load_address>
         <run_address>0x2eef</run_address>
         <size>0x211</size>
         <input_file_ref idref="fl-4"/>
      </object_component>
      <object_component id="oc-259">
         <name>.debug_info</name>
         <load_address>0x3100</load_address>
         <run_address>0x3100</run_address>
         <size>0x177</size>
         <input_file_ref idref="fl-4"/>
      </object_component>
      <object_component id="oc-1fc">
         <name>.debug_info</name>
         <load_address>0x3277</load_address>
         <run_address>0x3277</run_address>
         <size>0x209</size>
         <input_file_ref idref="fl-4"/>
      </object_component>
      <object_component id="oc-1f0">
         <name>.debug_info</name>
         <load_address>0x3480</load_address>
         <run_address>0x3480</run_address>
         <size>0x160</size>
         <input_file_ref idref="fl-4"/>
      </object_component>
      <object_component id="oc-2a9">
         <name>.debug_info</name>
         <load_address>0x35e0</load_address>
         <run_address>0x35e0</run_address>
         <size>0x1ad</size>
         <input_file_ref idref="fl-4"/>
      </object_component>
      <object_component id="oc-2bb">
         <name>.debug_info</name>
         <load_address>0x378d</load_address>
         <run_address>0x378d</run_address>
         <size>0x1da</size>
         <input_file_ref idref="fl-4"/>
      </object_component>
      <object_component id="oc-241">
         <name>.debug_info</name>
         <load_address>0x3967</load_address>
         <run_address>0x3967</run_address>
         <size>0x2db</size>
         <input_file_ref idref="fl-4"/>
      </object_component>
      <object_component id="oc-174">
         <name>.debug_info</name>
         <load_address>0x3c42</load_address>
         <run_address>0x3c42</run_address>
         <size>0x2dd</size>
         <input_file_ref idref="fl-b"/>
      </object_component>
      <object_component id="oc-fb">
         <name>.debug_info</name>
         <load_address>0x3f1f</load_address>
         <run_address>0x3f1f</run_address>
         <size>0xc4</size>
         <input_file_ref idref="fl-b"/>
      </object_component>
      <object_component id="oc-13d">
         <name>.debug_info</name>
         <load_address>0x3fe3</load_address>
         <run_address>0x3fe3</run_address>
         <size>0x100</size>
         <input_file_ref idref="fl-b"/>
      </object_component>
      <object_component id="oc-52">
         <name>.debug_info</name>
         <load_address>0x40e3</load_address>
         <run_address>0x40e3</run_address>
         <size>0x143</size>
         <input_file_ref idref="fl-b"/>
      </object_component>
      <object_component id="oc-332">
         <name>.debug_info</name>
         <load_address>0x4226</load_address>
         <run_address>0x4226</run_address>
         <size>0x25a</size>
         <input_file_ref idref="fl-21"/>
      </object_component>
      <object_component id="oc-2db">
         <name>.debug_info</name>
         <load_address>0x4480</load_address>
         <run_address>0x4480</run_address>
         <size>0x1cf</size>
         <input_file_ref idref="fl-21"/>
      </object_component>
      <object_component id="oc-268">
         <name>.debug_info</name>
         <load_address>0x464f</load_address>
         <run_address>0x464f</run_address>
         <size>0x14b</size>
         <input_file_ref idref="fl-21"/>
      </object_component>
      <object_component id="oc-34d">
         <name>.debug_info</name>
         <load_address>0x479a</load_address>
         <run_address>0x479a</run_address>
         <size>0xb2</size>
         <input_file_ref idref="fl-21"/>
      </object_component>
      <object_component id="oc-35f">
         <name>.debug_info</name>
         <load_address>0x484c</load_address>
         <run_address>0x484c</run_address>
         <size>0x1d7</size>
         <input_file_ref idref="fl-22"/>
      </object_component>
      <object_component id="oc-321">
         <name>.debug_info</name>
         <load_address>0x4a23</load_address>
         <run_address>0x4a23</run_address>
         <size>0x195</size>
         <input_file_ref idref="fl-22"/>
      </object_component>
      <object_component id="oc-388">
         <name>.debug_info</name>
         <load_address>0x4bb8</load_address>
         <run_address>0x4bb8</run_address>
         <size>0xbf</size>
         <input_file_ref idref="fl-22"/>
      </object_component>
      <object_component id="oc-387">
         <name>.debug_info</name>
         <load_address>0x4c77</load_address>
         <run_address>0x4c77</run_address>
         <size>0x24b</size>
         <input_file_ref idref="fl-23"/>
      </object_component>
      <object_component id="oc-359">
         <name>.debug_info</name>
         <load_address>0x4ec2</load_address>
         <run_address>0x4ec2</run_address>
         <size>0x1fd</size>
         <input_file_ref idref="fl-23"/>
      </object_component>
      <object_component id="oc-33a">
         <name>.debug_info</name>
         <load_address>0x50bf</load_address>
         <run_address>0x50bf</run_address>
         <size>0x122</size>
         <input_file_ref idref="fl-27"/>
      </object_component>
      <object_component id="oc-10c">
         <name>.debug_info</name>
         <load_address>0x51e1</load_address>
         <run_address>0x51e1</run_address>
         <size>0x12d</size>
         <input_file_ref idref="fl-28"/>
      </object_component>
      <object_component id="oc-129">
         <name>.debug_info</name>
         <load_address>0x530e</load_address>
         <run_address>0x530e</run_address>
         <size>0x10e</size>
         <input_file_ref idref="fl-3f"/>
      </object_component>
      <object_component id="oc-436">
         <name>.debug_info</name>
         <load_address>0x541c</load_address>
         <run_address>0x541c</run_address>
         <size>0x125</size>
         <input_file_ref idref="fl-40"/>
      </object_component>
      <object_component id="oc-107">
         <name>.debug_info</name>
         <load_address>0x5541</load_address>
         <run_address>0x5541</run_address>
         <size>0x11f</size>
         <input_file_ref idref="fl-41"/>
      </object_component>
      <object_component id="oc-341">
         <name>.debug_info</name>
         <load_address>0x5660</load_address>
         <run_address>0x5660</run_address>
         <size>0x11f</size>
         <input_file_ref idref="fl-42"/>
      </object_component>
      <object_component id="oc-335">
         <name>.debug_info</name>
         <load_address>0x577f</load_address>
         <run_address>0x577f</run_address>
         <size>0x11e</size>
         <input_file_ref idref="fl-46"/>
      </object_component>
      <object_component id="oc-24a">
         <name>.debug_info</name>
         <load_address>0x589d</load_address>
         <run_address>0x589d</run_address>
         <size>0x139</size>
         <input_file_ref idref="fl-49"/>
      </object_component>
      <object_component id="oc-1db">
         <name>.debug_info</name>
         <load_address>0x59d6</load_address>
         <run_address>0x59d6</run_address>
         <size>0x3dd</size>
         <input_file_ref idref="fl-4a"/>
      </object_component>
      <object_component id="oc-191">
         <name>.debug_info</name>
         <load_address>0x5db3</load_address>
         <run_address>0x5db3</run_address>
         <size>0x210</size>
         <input_file_ref idref="fl-4a"/>
      </object_component>
      <object_component id="oc-220">
         <name>.debug_info</name>
         <load_address>0x5fc3</load_address>
         <run_address>0x5fc3</run_address>
         <size>0x39</size>
         <input_file_ref idref="fl-4a"/>
      </object_component>
      <object_component id="oc-231">
         <name>.debug_info</name>
         <load_address>0x5ffc</load_address>
         <run_address>0x5ffc</run_address>
         <size>0x2c</size>
         <input_file_ref idref="fl-4a"/>
      </object_component>
      <object_component id="oc-1e6">
         <name>.debug_info</name>
         <load_address>0x6028</load_address>
         <run_address>0x6028</run_address>
         <size>0x2c</size>
         <input_file_ref idref="fl-4a"/>
      </object_component>
      <object_component id="oc-225">
         <name>.debug_info</name>
         <load_address>0x6054</load_address>
         <run_address>0x6054</run_address>
         <size>0xcd</size>
         <input_file_ref idref="fl-4a"/>
      </object_component>
      <object_component id="oc-171">
         <name>.debug_info</name>
         <load_address>0x6121</load_address>
         <run_address>0x6121</run_address>
         <size>0x174</size>
         <input_file_ref idref="fl-4b"/>
      </object_component>
      <object_component id="oc-12e">
         <name>.debug_info</name>
         <load_address>0x6295</load_address>
         <run_address>0x6295</run_address>
         <size>0x1d1</size>
         <input_file_ref idref="fl-4b"/>
      </object_component>
      <object_component id="oc-16c">
         <name>.debug_info</name>
         <load_address>0x6466</load_address>
         <run_address>0x6466</run_address>
         <size>0x46</size>
         <input_file_ref idref="fl-4b"/>
      </object_component>
      <object_component id="oc-15e">
         <name>.debug_info</name>
         <load_address>0x64ac</load_address>
         <run_address>0x64ac</run_address>
         <size>0x2c</size>
         <input_file_ref idref="fl-4b"/>
      </object_component>
      <object_component id="oc-141">
         <name>.debug_info</name>
         <load_address>0x64d8</load_address>
         <run_address>0x64d8</run_address>
         <size>0x152</size>
         <input_file_ref idref="fl-4f"/>
      </object_component>
      <object_component id="oc-1d7">
         <name>.debug_info</name>
         <load_address>0x662a</load_address>
         <run_address>0x662a</run_address>
         <size>0x14f</size>
         <input_file_ref idref="fl-50"/>
      </object_component>
      <object_component id="oc-127">
         <name>.debug_info</name>
         <load_address>0x6779</load_address>
         <run_address>0x6779</run_address>
         <size>0x17f</size>
         <input_file_ref idref="fl-51"/>
      </object_component>
      <object_component id="oc-3a">
         <name>.debug_info</name>
         <load_address>0x68f8</load_address>
         <run_address>0x68f8</run_address>
         <size>0x1e9</size>
         <input_file_ref idref="fl-51"/>
      </object_component>
      <object_component id="oc-122">
         <name>.debug_info</name>
         <load_address>0x6ae1</load_address>
         <run_address>0x6ae1</run_address>
         <size>0x46</size>
         <input_file_ref idref="fl-51"/>
      </object_component>
      <object_component id="oc-163">
         <name>.debug_info</name>
         <load_address>0x6b27</load_address>
         <run_address>0x6b27</run_address>
         <size>0x2c</size>
         <input_file_ref idref="fl-51"/>
      </object_component>
      <object_component id="oc-15b">
         <name>.debug_info</name>
         <load_address>0x6b53</load_address>
         <run_address>0x6b53</run_address>
         <size>0x175</size>
         <input_file_ref idref="fl-52"/>
      </object_component>
      <object_component id="oc-36">
         <name>.debug_info</name>
         <load_address>0x6cc8</load_address>
         <run_address>0x6cc8</run_address>
         <size>0x291</size>
         <input_file_ref idref="fl-52"/>
      </object_component>
      <object_component id="oc-111">
         <name>.debug_info</name>
         <load_address>0x6f59</load_address>
         <run_address>0x6f59</run_address>
         <size>0x60</size>
         <input_file_ref idref="fl-52"/>
      </object_component>
      <object_component id="oc-1c7">
         <name>.debug_info</name>
         <load_address>0x6fb9</load_address>
         <run_address>0x6fb9</run_address>
         <size>0x46</size>
         <input_file_ref idref="fl-52"/>
      </object_component>
      <object_component id="oc-156">
         <name>.debug_info</name>
         <load_address>0x6fff</load_address>
         <run_address>0x6fff</run_address>
         <size>0x39</size>
         <input_file_ref idref="fl-52"/>
      </object_component>
      <object_component id="oc-21c">
         <name>.debug_info</name>
         <load_address>0x7038</load_address>
         <run_address>0x7038</run_address>
         <size>0x22d</size>
         <input_file_ref idref="fl-53"/>
      </object_component>
      <object_component id="oc-211">
         <name>.debug_info</name>
         <load_address>0x7265</load_address>
         <run_address>0x7265</run_address>
         <size>0x131</size>
         <input_file_ref idref="fl-53"/>
      </object_component>
      <object_component id="oc-1b2">
         <name>.debug_info</name>
         <load_address>0x7396</load_address>
         <run_address>0x7396</run_address>
         <size>0x121</size>
         <input_file_ref idref="fl-53"/>
      </object_component>
      <object_component id="oc-1b9">
         <name>.debug_info</name>
         <load_address>0x74b7</load_address>
         <run_address>0x74b7</run_address>
         <size>0x196</size>
         <input_file_ref idref="fl-53"/>
      </object_component>
      <object_component id="oc-293">
         <name>.debug_info</name>
         <load_address>0x764d</load_address>
         <run_address>0x764d</run_address>
         <size>0x162</size>
         <input_file_ref idref="fl-54"/>
      </object_component>
      <object_component id="oc-214">
         <name>.debug_info</name>
         <load_address>0x77af</load_address>
         <run_address>0x77af</run_address>
         <size>0xfe</size>
         <input_file_ref idref="fl-54"/>
      </object_component>
      <object_component id="oc-219">
         <name>.debug_info</name>
         <load_address>0x78ad</load_address>
         <run_address>0x78ad</run_address>
         <size>0x102</size>
         <input_file_ref idref="fl-54"/>
      </object_component>
      <object_component id="oc-28d">
         <name>.debug_info</name>
         <load_address>0x79af</load_address>
         <run_address>0x79af</run_address>
         <size>0x12d</size>
         <input_file_ref idref="fl-54"/>
      </object_component>
      <object_component id="oc-1ae">
         <name>.debug_info</name>
         <load_address>0x7adc</load_address>
         <run_address>0x7adc</run_address>
         <size>0x1b6</size>
         <input_file_ref idref="fl-55"/>
      </object_component>
      <object_component id="oc-149">
         <name>.debug_info</name>
         <load_address>0x7c92</load_address>
         <run_address>0x7c92</run_address>
         <size>0x171</size>
         <input_file_ref idref="fl-55"/>
      </object_component>
      <object_component id="oc-20a">
         <name>.debug_info</name>
         <load_address>0x7e03</load_address>
         <run_address>0x7e03</run_address>
         <size>0x5e</size>
         <input_file_ref idref="fl-55"/>
      </object_component>
      <object_component id="oc-31d">
         <name>.debug_info</name>
         <load_address>0x7e61</load_address>
         <run_address>0x7e61</run_address>
         <size>0x13d</size>
         <input_file_ref idref="fl-56"/>
      </object_component>
      <object_component id="oc-2d5">
         <name>.debug_info</name>
         <load_address>0x7f9e</load_address>
         <run_address>0x7f9e</run_address>
         <size>0x101</size>
         <input_file_ref idref="fl-56"/>
      </object_component>
      <object_component id="oc-3c2">
         <name>.debug_info</name>
         <load_address>0x809f</load_address>
         <run_address>0x809f</run_address>
         <size>0x109</size>
         <input_file_ref idref="fl-56"/>
      </object_component>
      <object_component id="oc-15d">
         <name>.debug_info</name>
         <load_address>0x81a8</load_address>
         <run_address>0x81a8</run_address>
         <size>0x180</size>
         <input_file_ref idref="fl-57"/>
      </object_component>
      <object_component id="oc-11d">
         <name>.debug_info</name>
         <load_address>0x8328</load_address>
         <run_address>0x8328</run_address>
         <size>0x179</size>
         <input_file_ref idref="fl-57"/>
      </object_component>
      <object_component id="oc-152">
         <name>.debug_info</name>
         <load_address>0x84a1</load_address>
         <run_address>0x84a1</run_address>
         <size>0x229</size>
         <input_file_ref idref="fl-58"/>
      </object_component>
      <object_component id="oc-ff">
         <name>.debug_info</name>
         <load_address>0x86ca</load_address>
         <run_address>0x86ca</run_address>
         <size>0x10b</size>
         <input_file_ref idref="fl-58"/>
      </object_component>
      <object_component id="oc-3fd">
         <name>.debug_info</name>
         <load_address>0x87d5</load_address>
         <run_address>0x87d5</run_address>
         <size>0x11e</size>
         <input_file_ref idref="fl-58"/>
      </object_component>
      <object_component id="oc-3f8">
         <name>.debug_info</name>
         <load_address>0x88f3</load_address>
         <run_address>0x88f3</run_address>
         <size>0x104</size>
         <input_file_ref idref="fl-58"/>
      </object_component>
      <object_component id="oc-37c">
         <name>.debug_info</name>
         <load_address>0x89f7</load_address>
         <run_address>0x89f7</run_address>
         <size>0x167</size>
         <input_file_ref idref="fl-58"/>
      </object_component>
      <object_component id="oc-3a9">
         <name>.debug_info</name>
         <load_address>0x8b5e</load_address>
         <run_address>0x8b5e</run_address>
         <size>0x18d</size>
         <input_file_ref idref="fl-58"/>
      </object_component>
      <object_component id="oc-3ae">
         <name>.debug_info</name>
         <load_address>0x8ceb</load_address>
         <run_address>0x8ceb</run_address>
         <size>0x19e</size>
         <input_file_ref idref="fl-58"/>
      </object_component>
      <object_component id="oc-376">
         <name>.debug_info</name>
         <load_address>0x8e89</load_address>
         <run_address>0x8e89</run_address>
         <size>0x202</size>
         <input_file_ref idref="fl-58"/>
      </object_component>
      <object_component id="oc-401">
         <name>.debug_info</name>
         <load_address>0x908b</load_address>
         <run_address>0x908b</run_address>
         <size>0x1da</size>
         <input_file_ref idref="fl-58"/>
      </object_component>
      <object_component id="oc-3b7">
         <name>.debug_info</name>
         <load_address>0x9265</load_address>
         <run_address>0x9265</run_address>
         <size>0x272</size>
         <input_file_ref idref="fl-58"/>
      </object_component>
      <object_component id="oc-1c2">
         <name>.debug_info</name>
         <load_address>0x94d7</load_address>
         <run_address>0x94d7</run_address>
         <size>0xb2</size>
         <input_file_ref idref="fl-58"/>
      </object_component>
      <object_component id="oc-1bd">
         <name>.debug_info</name>
         <load_address>0x9589</load_address>
         <run_address>0x9589</run_address>
         <size>0x2c</size>
         <input_file_ref idref="fl-58"/>
      </object_component>
      <object_component id="oc-366">
         <name>.debug_info</name>
         <load_address>0x95b5</load_address>
         <run_address>0x95b5</run_address>
         <size>0x26e</size>
         <input_file_ref idref="fl-5a"/>
      </object_component>
      <object_component id="oc-32e">
         <name>.debug_info</name>
         <load_address>0x9823</load_address>
         <run_address>0x9823</run_address>
         <size>0x188</size>
         <input_file_ref idref="fl-5a"/>
      </object_component>
      <object_component id="oc-399">
         <name>.debug_info</name>
         <load_address>0x99ab</load_address>
         <run_address>0x99ab</run_address>
         <size>0x120</size>
         <input_file_ref idref="fl-5a"/>
      </object_component>
      <object_component id="oc-39e">
         <name>.debug_info</name>
         <load_address>0x9acb</load_address>
         <run_address>0x9acb</run_address>
[...]
         <object_component_ref idref="oc-10b"/>
      </symbol>
      <symbol id="sm-29f">
         <name>__mspabi_func_epilog_3</name>
         <value>0x536e</value>
         <object_component_ref idref="oc-10b"/>
      </symbol>
      <symbol id="sm-2a0">
         <name>__mspabi_func_epilog_1</name>
         <value>0x5372</value>
         <object_component_ref idref="oc-10b"/>
      </symbol>
      <symbol id="sm-2a1">
         <name>__mspabi_func_epilog_6</name>
         <value>0x5368</value>
         <object_component_ref idref="oc-10b"/>
      </symbol>
      <symbol id="sm-2a2">
         <name>__mspabi_func_epilog_7</name>
         <value>0x5366</value>
         <object_component_ref idref="oc-10b"/>
      </symbol>
      <symbol id="sm-2a3">
         <name>__mspabi_func_epilog_4</name>
         <value>0x536c</value>
         <object_component_ref idref="oc-10b"/>
      </symbol>
      <symbol id="sm-2a4">
         <name>__mspabi_func_epilog_5</name>
         <value>0x536a</value>
         <object_component_ref idref="oc-10b"/>
      </symbol>
      <symbol id="sm-2ae">
         <name>__TI_int00</name>
         <value>0xffe0</value>
         <object_component_ref idref="oc-3f"/>
      </symbol>
      <symbol id="sm-2b1">
         <name>__TI_int01</name>
         <value>0xffe2</value>
         <object_component_ref idref="oc-40"/>
      </symbol>
      <symbol id="sm-2b4">
         <name>__TI_int02</name>
         <value>0xffe4</value>
         <object_component_ref idref="oc-41"/>
      </symbol>
      <symbol id="sm-2b7">
         <name>__TI_int03</name>
         <value>0xffe6</value>
         <object_component_ref idref="oc-42"/>
      </symbol>
      <symbol id="sm-2ba">
         <name>__TI_int04</name>
         <value>0xffe8</value>
         <object_component_ref idref="oc-43"/>
      </symbol>
      <symbol id="sm-2bd">
         <name>__TI_int05</name>
         <value>0xffea</value>
         <object_component_ref idref="oc-44"/>
      </symbol>
      <symbol id="sm-2c0">
         <name>__TI_int06</name>
         <value>0xffec</value>
         <object_component_ref idref="oc-45"/>
      </symbol>
      <symbol id="sm-2c3">
         <name>__TI_int07</name>
         <value>0xffee</value>
         <object_component_ref idref="oc-46"/>
      </symbol>
      <symbol id="sm-2c6">
         <name>__TI_int08</name>
         <value>0xfff0</value>
         <object_component_ref idref="oc-47"/>
      </symbol>
      <symbol id="sm-2c9">
         <name>__TI_int09</name>
         <value>0xfff2</value>
         <object_component_ref idref="oc-48"/>
      </symbol>
      <symbol id="sm-2cc">
         <name>__TI_int10</name>
         <value>0xfff4</value>
         <object_component_ref idref="oc-49"/>
      </symbol>
      <symbol id="sm-2cf">
         <name>__TI_int11</name>
         <value>0xfff6</value>
         <object_component_ref idref="oc-4a"/>
      </symbol>
      <symbol id="sm-2d2">
         <name>__TI_int12</name>
         <value>0xfff8</value>
         <object_component_ref idref="oc-4b"/>
      </symbol>
      <symbol id="sm-2d5">
         <name>__TI_int13</name>
         <value>0xfffa</value>
         <object_component_ref idref="oc-4c"/>
      </symbol>
      <symbol id="sm-2d8">
         <name>__TI_int14</name>
         <value>0xfffc</value>
         <object_component_ref idref="oc-4d"/>
      </symbol>
      <symbol id="sm-2e0">
         <name>__TI_ISR_TRAP</name>
         <value>0x53a2</value>
         <object_component_ref idref="oc-128"/>
      </symbol>
      <symbol id="sm-2e8">
         <name>__mspabi_slll_9</name>
         <value>0x4f96</value>
         <object_component_ref idref="oc-433"/>
      </symbol>
      <symbol id="sm-2e9">
         <name>__mspabi_slll_8</name>
         <value>0x4f9a</value>
         <object_component_ref idref="oc-433"/>
      </symbol>
      <symbol id="sm-2ea">
         <name>__mspabi_slll_7</name>
         <value>0x4f9e</value>
         <object_component_ref idref="oc-433"/>
      </symbol>
      <symbol id="sm-2eb">
         <name>__mspabi_slll_6</name>
         <value>0x4fa2</value>
         <object_component_ref idref="oc-433"/>
      </symbol>
      <symbol id="sm-2ec">
         <name>__mspabi_slll_5</name>
         <value>0x4fa6</value>
         <object_component_ref idref="oc-433"/>
      </symbol>
      <symbol id="sm-2ed">
         <name>__mspabi_slll_4</name>
         <value>0x4faa</value>
         <object_component_ref idref="oc-433"/>
      </symbol>
      <symbol id="sm-2ee">
         <name>__mspabi_slll_3</name>
         <value>0x4fae</value>
         <object_component_ref idref="oc-433"/>
      </symbol>
      <symbol id="sm-2ef">
         <name>__mspabi_slll_2</name>
         <value>0x4fb2</value>
         <object_component_ref idref="oc-433"/>
      </symbol>
      <symbol id="sm-2f0">
         <name>__mspabi_slll_1</name>
         <value>0x4fb6</value>
         <object_component_ref idref="oc-433"/>
      </symbol>
      <symbol id="sm-2f1">
         <name>__mspabi_slll_15</name>
         <value>0x4f7e</value>
         <object_component_ref idref="oc-433"/>
      </symbol>
      <symbol id="sm-2f2">
         <name>__mspabi_slll_14</name>
         <value>0x4f82</value>
         <object_component_ref idref="oc-433"/>
      </symbol>
      <symbol id="sm-2f3">
         <name>__mspabi_slll_13</name>
         <value>0x4f86</value>
         <object_component_ref idref="oc-433"/>
      </symbol>
      <symbol id="sm-2f4">
         <name>__mspabi_slll_12</name>
         <value>0x4f8a</value>
         <object_component_ref idref="oc-433"/>
      </symbol>
      <symbol id="sm-2f5">
         <name>__mspabi_slll_11</name>
         <value>0x4f8e</value>
         <object_component_ref idref="oc-433"/>
      </symbol>
      <symbol id="sm-2f6">
         <name>__mspabi_slll_10</name>
         <value>0x4f92</value>
         <object_component_ref idref="oc-433"/>
      </symbol>
      <symbol id="sm-2fe">
         <name>__mspabi_srli_8</name>
         <value>0x4e08</value>
         <object_component_ref idref="oc-106"/>
      </symbol>
      <symbol id="sm-2ff">
         <name>__mspabi_srli_9</name>
         <value>0x4e04</value>
         <object_component_ref idref="oc-106"/>
      </symbol>
      <symbol id="sm-300">
         <name>__mspabi_srli_6</name>
         <value>0x4e10</value>
         <object_component_ref idref="oc-106"/>
      </symbol>
      <symbol id="sm-301">
         <name>__mspabi_srli_7</name>
         <value>0x4e0c</value>
         <object_component_ref idref="oc-106"/>
      </symbol>
      <symbol id="sm-302">
         <name>__mspabi_srli_4</name>
         <value>0x4e18</value>
         <object_component_ref idref="oc-106"/>
      </symbol>
      <symbol id="sm-303">
         <name>__mspabi_srli_5</name>
         <value>0x4e14</value>
         <object_component_ref idref="oc-106"/>
      </symbol>
      <symbol id="sm-304">
         <name>__mspabi_srli_2</name>
         <value>0x4e20</value>
         <object_component_ref idref="oc-106"/>
      </symbol>
      <symbol id="sm-305">
         <name>__mspabi_srli_3</name>
         <value>0x4e1c</value>
         <object_component_ref idref="oc-106"/>
      </symbol>
      <symbol id="sm-306">
         <name>__mspabi_srli_1</name>
         <value>0x4e24</value>
         <object_component_ref idref="oc-106"/>
      </symbol>
      <symbol id="sm-307">
         <name>__mspabi_srli</name>
         <value>0x4dde</value>
         <object_component_ref idref="oc-106"/>
      </symbol>
      <symbol id="sm-308">
         <name>__mspabi_srli_15</name>
         <value>0x4dec</value>
         <object_component_ref idref="oc-106"/>
      </symbol>
      <symbol id="sm-309">
         <name>__mspabi_srli_14</name>
         <value>0x4df0</value>
         <object_component_ref idref="oc-106"/>
      </symbol>
      <symbol id="sm-30a">
         <name>__mspabi_srli_13</name>
         <value>0x4df4</value>
         <object_component_ref idref="oc-106"/>
      </symbol>
      <symbol id="sm-30b">
         <name>__mspabi_srli_12</name>
         <value>0x4df8</value>
         <object_component_ref idref="oc-106"/>
      </symbol>
      <symbol id="sm-30c">
         <name>__mspabi_srli_11</name>
         <value>0x4dfc</value>
         <object_component_ref idref="oc-106"/>
      </symbol>
      <symbol id="sm-30d">
         <name>__mspabi_srli_10</name>
         <value>0x4e00</value>
         <object_component_ref idref="oc-106"/>
      </symbol>
      <symbol id="sm-317">
         <name>__mspabi_srll</name>
         <value>0x5342</value>
         <object_component_ref idref="oc-33f"/>
      </symbol>
      <symbol id="sm-322">
         <name>__mspabi_mpyl_hw</name>
         <value>0x50b8</value>
         <object_component_ref idref="oc-334"/>
      </symbol>
      <symbol id="sm-32d">
         <name>_setjmp</name>
         <value>0x4c9a</value>
         <object_component_ref idref="oc-247"/>
      </symbol>
      <symbol id="sm-32e">
         <name>setjmp</name>
         <value>0x4c9a</value>
         <object_component_ref idref="oc-247"/>
      </symbol>
      <symbol id="sm-32f">
         <name>longjmp</name>
         <value>0x4cc6</value>
         <object_component_ref idref="oc-247"/>
      </symbol>
      <symbol id="sm-351">
         <name>__TI_auto_init_nobinit_nopinit_hold_wdt</name>
         <value>0x4b92</value>
         <object_component_ref idref="oc-18f"/>
      </symbol>
      <symbol id="sm-369">
         <name>__TI_zero_init_nomemset</name>
         <value>0x531c</value>
         <object_component_ref idref="oc-12d"/>
      </symbol>
      <symbol id="sm-375">
         <name>_system_pre_init</name>
         <value>0x53c0</value>
         <object_component_ref idref="oc-13f"/>
      </symbol>
      <symbol id="sm-37e">
         <name>_system_post_cinit</name>
         <value>0x53c6</value>
         <object_component_ref idref="oc-1d4"/>
      </symbol>
      <symbol id="sm-394">
         <name>__TI_decompress_none</name>
         <value>0x5330</value>
         <object_component_ref idref="oc-39"/>
      </symbol>
      <symbol id="sm-3b7">
         <name>__TI_decompress_lzss</name>
         <value>0x45b6</value>
         <object_component_ref idref="oc-33"/>
      </symbol>
      <symbol id="sm-3d4">
         <name>C$$EXIT</name>
         <value>0x53ba</value>
         <object_component_ref idref="oc-1af"/>
      </symbol>
      <symbol id="sm-3d5">
         <name>abort</name>
         <value>0x53ba</value>
         <object_component_ref idref="oc-1af"/>
      </symbol>
      <symbol id="sm-3d6">
         <name>__TI_enable_exit_profile_output</name>
         <value>0x1314</value>
         <object_component_ref idref="oc-210"/>
      </symbol>
      <symbol id="sm-3d7">
         <name>exit</name>
         <value>0x4eb8</value>
         <object_component_ref idref="oc-1b5"/>
      </symbol>
      <symbol id="sm-3ed">
         <name>_nop</name>
         <value>0x53c4</value>
         <object_component_ref idref="oc-28b"/>
      </symbol>
      <symbol id="sm-3ee">
         <name>_lock</name>
         <value>0x130e</value>
         <object_component_ref idref="oc-213"/>
      </symbol>
      <symbol id="sm-3ef">
         <name>_unlock</name>
         <value>0x1310</value>
         <object_component_ref idref="oc-218"/>
      </symbol>
      <symbol id="sm-402">
         <name>_args_main</name>
         <value>0x5208</value>
         <object_component_ref idref="oc-146"/>
      </symbol>
      <symbol id="sm-412">
         <name>__TI_tmpnams</name>
         <value>0x1318</value>
      </symbol>
      <symbol id="sm-413">
         <name>_ftable</name>
         <value>0x1220</value>
         <object_component_ref idref="oc-2d4"/>
      </symbol>
      <symbol id="sm-414">
         <name>__TI_ft_end</name>
         <value>0x1312</value>
         <object_component_ref idref="oc-3c1"/>
      </symbol>
      <symbol id="sm-422">
         <name>memcpy</name>
         <value>0x5354</value>
         <object_component_ref idref="oc-11b"/>
      </symbol>
      <symbol id="sm-4a2">
         <name>_sys_memory</name>
         <value>0x13f8</value>
         <object_component_ref idref="oc-fe"/>
      </symbol>
      <symbol id="sm-4a3">
         <name>free</name>
         <value>0x41d6</value>
         <object_component_ref idref="oc-374"/>
      </symbol>
      <symbol id="sm-4a4">
         <name>memalign</name>
         <value>0x4000</value>
         <object_component_ref idref="oc-3b4"/>
      </symbol>
      <symbol id="sm-4a5">
         <name>malloc</name>
         <value>0x53aa</value>
         <object_component_ref idref="oc-37a"/>
      </symbol>
      <symbol id="sm-4a6">
         <name>aligned_alloc</name>
         <value>0x4000</value>
         <object_component_ref idref="oc-3b4"/>
      </symbol>
      <symbol id="sm-4be">
         <name>write</name>
         <value>0x5250</value>
         <object_component_ref idref="oc-32b"/>
      </symbol>
      <symbol id="sm-4cd">
         <name>_stream</name>
         <value>0x12e6</value>
         <object_component_ref idref="oc-362"/>
      </symbol>
      <symbol id="sm-4ce">
         <name>_device</name>
         <value>0x1298</value>
         <object_component_ref idref="oc-391"/>
      </symbol>
      <symbol id="sm-4df">
         <name>__TI_doflush</name>
         <value>0x4a72</value>
         <object_component_ref idref="oc-325"/>
      </symbol>
      <symbol id="sm-4eb">
         <name>__TI_cleanup</name>
         <value>0x4ff4</value>
         <object_component_ref idref="oc-380"/>
      </symbol>
      <symbol id="sm-4fb">
         <name>fseek</name>
         <value>0x4796</value>
         <object_component_ref idref="oc-352"/>
      </symbol>
      <symbol id="sm-504">
         <name>__mspabi_slli</name>
         <value>0x5112</value>
         <object_component_ref idref="oc-101"/>
      </symbol>
      <symbol id="sm-505">
         <name>__mspabi_slli_9</name>
         <value>0x512a</value>
         <object_component_ref idref="oc-101"/>
      </symbol>
      <symbol id="sm-506">
         <name>__mspabi_slli_8</name>
         <value>0x512c</value>
         <object_component_ref idref="oc-101"/>
      </symbol>
      <symbol id="sm-507">
         <name>__mspabi_slli_7</name>
         <value>0x512e</value>
         <object_component_ref idref="oc-101"/>
      </symbol>
      <symbol id="sm-508">
         <name>__mspabi_slli_6</name>
         <value>0x5130</value>
         <object_component_ref idref="oc-101"/>
      </symbol>
      <symbol id="sm-509">
         <name>__mspabi_slli_5</name>
         <value>0x5132</value>
         <object_component_ref idref="oc-101"/>
      </symbol>
      <symbol id="sm-50a">
         <name>__mspabi_slli_4</name>
         <value>0x5134</value>
         <object_component_ref idref="oc-101"/>
      </symbol>
      <symbol id="sm-50b">
         <name>__mspabi_slli_3</name>
         <value>0x5136</value>
         <object_component_ref idref="oc-101"/>
      </symbol>
      <symbol id="sm-50c">
         <name>__mspabi_slli_2</name>
         <value>0x5138</value>
         <object_component_ref idref="oc-101"/>
      </symbol>
      <symbol id="sm-50d">
         <name>__mspabi_slli_1</name>
         <value>0x513a</value>
         <object_component_ref idref="oc-101"/>
      </symbol>
      <symbol id="sm-50e">
         <name>__mspabi_slli_15</name>
         <value>0x511e</value>
         <object_component_ref idref="oc-101"/>
      </symbol>
      <symbol id="sm-50f">
         <name>__mspabi_slli_14</name>
         <value>0x5120</value>
         <object_component_ref idref="oc-101"/>
      </symbol>
      <symbol id="sm-510">
         <name>__mspabi_slli_13</name>
         <value>0x5122</value>
         <object_component_ref idref="oc-101"/>
      </symbol>
      <symbol id="sm-511">
         <name>__mspabi_slli_12</name>
         <value>0x5124</value>
         <object_component_ref idref="oc-101"/>
      </symbol>
      <symbol id="sm-512">
         <name>__mspabi_slli_11</name>
         <value>0x5126</value>
         <object_component_ref idref="oc-101"/>
      </symbol>
      <symbol id="sm-513">
         <name>__mspabi_slli_10</name>
         <value>0x5128</value>
         <object_component_ref idref="oc-101"/>
      </symbol>
      <symbol id="sm-520">
         <name>HOSTclose</name>
         <value>0x4e74</value>
         <object_component_ref idref="oc-3cd"/>
      </symbol>
      <symbol id="sm-52c">
         <name>HOSTlseek</name>
         <value>0x44a6</value>
         <object_component_ref idref="oc-3df"/>
      </symbol>
      <symbol id="sm-53a">
         <name>parmbuf</name>
         <value>0x13ea</value>
      </symbol>
      <symbol id="sm-53b">
         <name>HOSTopen</name>
         <value>0x4946</value>
         <object_component_ref idref="oc-3c7"/>
      </symbol>
      <symbol id="sm-548">
         <name>HOSTread</name>
         <value>0x4ad4</value>
         <object_component_ref idref="oc-3d3"/>
      </symbol>
      <symbol id="sm-554">
         <name>HOSTrename</name>
         <value>0x4874</value>
         <object_component_ref idref="oc-3eb"/>
      </symbol>
      <symbol id="sm-560">
         <name>HOSTunlink</name>
         <value>0x4f3e</value>
         <object_component_ref idref="oc-3e5"/>
      </symbol>
      <symbol id="sm-56d">
         <name>HOSTwrite</name>
         <value>0x4a10</value>
         <object_component_ref idref="oc-3d9"/>
      </symbol>
      <symbol id="sm-58b">
         <name>__TI_readmsg</name>
         <value>0x50e6</value>
         <object_component_ref idref="oc-426"/>
      </symbol>
      <symbol id="sm-58c">
         <name>C$$IO$$</name>
         <value>0x50b4</value>
         <object_component_ref idref="oc-420"/>
      </symbol>
      <symbol id="sm-58d">
         <name>_CIOBUF_</name>
         <value>0x1100</value>
         <object_component_ref idref="oc-459"/>
      </symbol>
      <symbol id="sm-58e">
         <name>__TI_writemsg</name>
         <value>0x508a</value>
         <object_component_ref idref="oc-420"/>
      </symbol>
      <symbol id="sm-59c">
         <name>lseek</name>
         <value>0x51e2</value>
         <object_component_ref idref="oc-36c"/>
      </symbol>
      <symbol id="sm-5ac">
         <name>__TI_closefile</name>
         <value>0x4724</value>
         <object_component_ref idref="oc-3bb"/>
      </symbol>
      <symbol id="sm-5cf">
         <name>finddevice</name>
         <value>0x5028</value>
         <object_component_ref idref="oc-47c"/>
      </symbol>
      <symbol id="sm-5d0">
         <name>getdevice</name>
         <value>0x4bea</value>
         <object_component_ref idref="oc-44b"/>
      </symbol>
      <symbol id="sm-5df">
         <name>strchr</name>
         <value>0x52ea</value>
         <object_component_ref idref="oc-470"/>
      </symbol>
      <symbol id="sm-5ed">
         <name>strcmp</name>
         <value>0x5304</value>
         <object_component_ref idref="oc-497"/>
      </symbol>
      <symbol id="sm-5fa">
         <name>strcpy</name>
         <value>0x5376</value>
         <object_component_ref idref="oc-43c"/>
      </symbol>
      <symbol id="sm-607">
         <name>strlen</name>
         <value>0x5394</value>
         <object_component_ref idref="oc-41a"/>
      </symbol>
      <symbol id="sm-617">
         <name>strncpy</name>
         <value>0x513e</value>
         <object_component_ref idref="oc-476"/>
      </symbol>
      <symbol id="sm-62a">
         <name>close</name>
         <value>0x4e2a</value>
         <object_component_ref idref="oc-406"/>
      </symbol>
      <symbol id="sm-636">
         <name>unlink</name>
         <value>0x51ba</value>
         <object_component_ref idref="oc-40d"/>
      </symbol>
      <symbol id="sm-638">
         <name>remove</name>
         <value>0x51ba</value>
      </symbol>
   </symbol_table>
   <title>Link successful</title>
</link_info>
